
> tasks@0.1.0 test
> react-scripts test

Browserslist: caniuse-lite is outdated. Please run:
  npx browserslist@latest --update-db
  Why you should do it regularly: https://github.com/browserslist/browserslist#browsers-data-updating
PASS src/quizzer/Quizzer.test.tsx
PASS src/App.test.tsx
-------------------|---------|----------|---------|---------|----------------------------------------------
File               | % Stmts | % Branch | % Funcs | % Lines | Uncovered Line #s                            
-------------------|---------|----------|---------|---------|----------------------------------------------
All files          |   84.51 |     80.3 |   82.66 |   83.89 |                                              
 src               |   66.66 |       50 |      50 |   66.66 |                                              
  App.tsx          |   66.66 |       50 |      50 |   66.66 | 15                                           
 src/interfaces    |       0 |        0 |       0 |       0 |                                              
  question.ts      |       0 |        0 |       0 |       0 |                                              
  quiz.ts          |       0 |        0 |       0 |       0 |                                              
 src/quizzer       |   84.86 |    82.25 |   83.56 |   84.24 |                                              
  AddQuizModal.tsx |   64.28 |      100 |      40 |   64.28 | 36-55                                        
  QuestionEdit.tsx |   56.41 |       65 |   52.94 |   56.41 | 27-30,48-49,62,72-73,80-82,90-92,188,222,249 
  QuizCard.tsx     |     100 |       80 |     100 |     100 | 32                                           
  QuizEdit.tsx     |   96.29 |      100 |   93.33 |      96 | 103                                          
  QuizExpanded.tsx |     100 |    85.71 |     100 |     100 | 76                                           
  QuizList.tsx     |     100 |      100 |     100 |     100 |                                              
  QuizQuestion.tsx |     100 |    85.71 |     100 |     100 | 24-31                                        
  QuizView.tsx     |     100 |      100 |     100 |     100 |                                              
  Quizzer.tsx      |     100 |      100 |     100 |     100 |                                              
-------------------|---------|----------|---------|---------|----------------------------------------------

Test Suites: 2 passed, 2 total
Tests:       15 passed, 15 total
Snapshots:   0 total
Time:        4.771 s
Ran all test suites.
